src/controllers/componentesController.ts(59,53): error TS2339: Property 'id' does not exist on type '{ idusuario: number; usuario: string; }'.
src/controllers/equiposController.ts(41,53): error TS2339: Property 'id' does not exist on type '{ idusuario: number; usuario: string; }'.
src/controllers/unidadesController.ts(51,53): error TS2339: Property 'id' does not exist on type '{ idusuario: number; usuario: string; }'.
